// Jest Snapshot v1, https://goo.gl/fbAQLP

exports[`DruxtBreadcrumb 404 route 1`] = `""`;

exports[`DruxtBreadcrumb error 1`] = `"<div></div>"`;

exports[`DruxtBreadcrumb level 1 1`] = `"<div></div>"`;

exports[`DruxtBreadcrumb level 2 1`] = `""`;

exports[`DruxtBreadcrumb missing parent 1`] = `"<div></div>"`;

exports[`DruxtBreadcrumb root 1`] = `"<div></div>"`;
