// Jest Snapshot v1, https://goo.gl/fbAQLP

exports[`Component - DruxtEntity pages 1`] = `
"<druxtentitynodepage-stub entity=\\"[object Object]\\" fields=\\"[object Object]\\" schema=\\"[object Object]\\">
  <div>
    <!---->
    <druxtfieldstring-stub items=\\"Welcome to Contenta CMS!\\" schema=\\"[object Object]\\"></druxtfieldstring-stub>
    <!---->
  </div>
  <div>
    <!---->
    <druxtfieldtextdefault-stub items=\\"<div class=&quot;card horizontal&quot;>
    <div class=&quot;card-stacked&quot;>
        <div class=&quot;card-content&quot;><img class=&quot;right&quot; style=&quot;padding: 1.5rem;&quot;
                                       src=&quot;/profiles/contrib/contenta_jsonapi/modules/contenta_enhancements/logo.svg&quot;>
            <span class=&quot;card-title&quot;>OK! I just installed Contenta CMS, now what?</span>
            <p>First of all, congratulations! We know that trying new software can be both fun and
                also a little bit intimidating. In any case we are glad to see that you are giving
                this a shot.</p>
            <p></p>
            <ul>
                <li>You can explore the capabilities of decoupled Drupal from the backend
                    perspective.
                </li>
                <li>You can revert the site to a clean state and remove all the demo content and
                    configuration.
                </li>
            </ul>
        </div>
        <div class=&quot;card-action right right-align&quot;><span class=&quot;left&quot;>From here there are two different paths you can follow next:</span>
            <a href=&quot;#reverting-to-a-clean-state&quot;>Revert</a> <a href=&quot;#exploring-contenta-cms&quot;>Explore</a>
        </div>
    </div>
</div>
<div class=&quot;card&quot;>
    <div class=&quot;card-stacked&quot;>
        <div class=&quot;card-content&quot;><i class=&quot;fa left fa-compass&quot; aria-hidden=&quot;true&quot;></i> <span
                class=&quot;card-title&quot; id=&quot;exploring-contenta-cms&quot;>Explore</span>
            <p>To get started with your content we recommend you starting with this steps. You will
                need to <a href=&quot;/user/login&quot;
                           title=&quot;Use your credentials to access the administration pages.&quot;>log
                    in</a> first.</p>
            <div class=&quot;section&quot;><h5><i class=&quot;fa left fa-tachometer&quot; aria-hidden=&quot;true&quot;></i>
                Discover Structure</h5>
                <p>Go to the content types configuration page and explore the different content
                    types and their fields to understand what you are going to be exposing.</p>
            </div>
            <div class=&quot;divider&quot;></div>
            <div class=&quot;section&quot;><h5><i class=&quot;fa left fa-search&quot; aria-hidden=&quot;true&quot;></i> Discover
                Content</h5>
                <p>Head over to the content list page to see the demo content that you can interact
                    with.</p></div>
            <div class=&quot;divider&quot;></div>
            <div class=&quot;section&quot;><h5><i class=&quot;fa left fa-exchange&quot; aria-hidden=&quot;true&quot;></i> Discover
                Your API</h5>
                <p>One of the first things that you may want to do is to understand what your API
                    looks like. Check the autogenerated API documentation to explore how to interact
                    with your API.</p></div>
        </div>
        <div class=&quot;card-action&quot;><a href=&quot;/user/login&quot;>Log in</a> <a href=&quot;/admin/structure/types&quot;>Discover
            Structure</a> <a href=&quot;/admin/content&quot;>Discover Content</a> <a
                href=&quot;/admin/config/services/openapi/redoc/jsonapi&quot;>Discover API</a></div>
    </div>
</div>
<div class=&quot;card&quot;>
    <div class=&quot;card-stacked&quot;>
        <div class=&quot;card-content&quot;><i class=&quot;fa left fa-terminal&quot; aria-hidden=&quot;true&quot;></i> <span
                class=&quot;card-title&quot; id=&quot;exploring-contenta-cms&quot;>Start Working</span>
            <div class=&quot;section&quot;><h5><i class=&quot;fa left fa-arrow-circle-right&quot;
                                        aria-hidden=&quot;true&quot;></i> Make a Request</h5>
                <p>Once you understand the schema of your API, it&amp;rsquo;s time for you to <a
                        href=&quot;https://www.youtube.com/watch?v=8NHK8kMC9xg&amp;index=2&amp;list=PLZOQ_ZMpYrZsyO-3IstImK1okrpfAjuMZ&quot;>make
                    your first request</a>.</p></div>
            <div class=&quot;divider&quot;></div>
            <div class=&quot;section&quot;><h5><i class=&quot;fa left fa-chevron-circle-down&quot;
                                        aria-hidden=&quot;true&quot;></i> Create Content with the API</h5>
                <p>The section video about creating content using the API will give you information
                    about how you can use the API to write content to Contenta, instead of just
                    reading from it.</p>
                <p>It is possible that you will need to make authenticated requests. That&amp;rsquo;s
                    fine too, we have you covered. Contenta comes with OAuth support out of the
                    box.</p></div>
            <div class=&quot;divider&quot;></div>
            <div class=&quot;section&quot;><h5><i class=&quot;fa left fa-cog&quot; aria-hidden=&quot;true&quot;></i> Optimize</h5>
                <p>Finally, if you are a perfectionist you will probably want to learn how to
                    aggregate your requests for performance reasons. JSON API makes it really easy
                    to have very few requests, however some times you just want One Request to Rule
                    Them All.</p></div>
        </div>
        <div class=&quot;card-action&quot;><a href=&quot;/admin/config/people/simple_oauth&quot;>Administer OAuth2</a>
            <a href=&quot;https://www.youtube.com/watch?v=vEfH2TZAxDg&amp;list=PLZOQ_ZMpYrZsyO-3IstImK1okrpfAjuMZ&amp;index=14&quot;>Create
                Content via API</a> <a
                    href=&quot;https://www.youtube.com/watch?v=BEKKFExaBMM&amp;index=3&amp;list=PLZOQ_ZMpYrZtqy5-o7KoDhM3n6M0duBjX&quot;>Authenticated</a>
            <a href=&quot;https://cgit.drupalcode.org/subrequests/tree/SPECIFICATION.md?h=8.x-1.x&quot;>Subrequests
                Spec</a></div>
    </div>
</div>
<div class=&quot;card&quot;>
    <div class=&quot;card-stacked&quot;>
        <div class=&quot;card-content&quot;><i class=&quot;fa left fa-toggle-on&quot; aria-hidden=&quot;true&quot;></i> <span
                class=&quot;card-title&quot; id=&quot;reverting-to-a-clean-state&quot;>Revert to a Clean State</span>
            <p>You have already explored what contenta can offer out of the box, now you are ready
                to start building your project.</p>
            <p>In order to revert Contenta to a clean slate you will need to uninstall the <em>Recipes
                Magazin</em> and the <em>Recipes Magazin Contenta</em> modules. By uninstalling
                those modules you will:</p>
            <ul>
                <li>Remove the demo content types: Recipe, Page and Article.</li>
                <li>Remove the customizations to clean the API of Drupalisms.</li>
                <li>Remove all the content for the demo content types. Even if you created the
                    content after installing, if you remove the content types the content will be
                    deleted.
                </li>
            </ul>
            <p>Once those two modules are gone, you will have a clean Contenta CMS installation.
                Even this page and all the help content will be gone.</p>
            <p>If you ever regret this decision, it&amp;rsquo;s OK! By re-enabling those two modules you
                will get everything back.</p></div>
        <div class=&quot;card-action&quot;><a href=&quot;/admin/contenta/revert&quot;>Revert</a></div>
    </div>
</div>
\\" schema=\\"[object Object]\\"></druxtfieldtextdefault-stub>
    <!---->
  </div>
</druxtentitynodepage-stub>"
`;
